
> client@0.0.0 build
> tsc -b && vite build

src/api/bundleGroups.ts(2,15): error TS2305: Module '"../types"' has no exported member 'BundleGroup'.
src/hooks/useBundleGroups.ts(16,15): error TS2305: Module '"../types"' has no exported member 'BundleGroup'.
src/hooks/useBundleGroups.ts(20,25): error TS2339: Property 'bundleGroups' does not exist on type '{ projects: readonly ["projects"]; project: (id: string) => readonly ["projects", string]; bundles: (projectId: string) => readonly ["projects", string, "bundles"]; bundle: (projectId: string, bundleId: string) => readonly [...]; releases: (projectId: string) => readonly [...]; }'.
src/hooks/useBundleGroups.ts(29,25): error TS2339: Property 'bundleGroup' does not exist on type '{ projects: readonly ["projects"]; project: (id: string) => readonly ["projects", string]; bundles: (projectId: string) => readonly ["projects", string, "bundles"]; bundle: (projectId: string, bundleId: string) => readonly [...]; releases: (projectId: string) => readonly [...]; }'.
src/hooks/useBundleGroups.ts(42,48): error TS2339: Property 'bundleGroups' does not exist on type '{ projects: readonly ["projects"]; project: (id: string) => readonly ["projects", string]; bundles: (projectId: string) => readonly ["projects", string, "bundles"]; bundle: (projectId: string, bundleId: string) => readonly [...]; releases: (projectId: string) => readonly [...]; }'.
src/hooks/useBundleGroups.ts(49,50): error TS2339: Property 'bundleGroups' does not exist on type '{ projects: readonly ["projects"]; project: (id: string) => readonly ["projects", string]; bundles: (projectId: string) => readonly ["projects", string, "bundles"]; bundle: (projectId: string, bundleId: string) => readonly [...]; releases: (projectId: string) => readonly [...]; }'.
src/hooks/useBundleGroups.ts(65,52): error TS2339: Property 'bundleGroups' does not exist on type '{ projects: readonly ["projects"]; project: (id: string) => readonly ["projects", string]; bundles: (projectId: string) => readonly ["projects", string, "bundles"]; bundle: (projectId: string, bundleId: string) => readonly [...]; releases: (projectId: string) => readonly [...]; }'.
src/hooks/useBundleGroups.ts(67,19): error TS2339: Property 'bundleGroups' does not exist on type '{ projects: readonly ["projects"]; project: (id: string) => readonly ["projects", string]; bundles: (projectId: string) => readonly ["projects", string, "bundles"]; bundle: (projectId: string, bundleId: string) => readonly [...]; releases: (projectId: string) => readonly [...]; }'.
src/hooks/useBundleGroups.ts(70,48): error TS2339: Property 'bundleGroups' does not exist on type '{ projects: readonly ["projects"]; project: (id: string) => readonly ["projects", string]; bundles: (projectId: string) => readonly ["projects", string, "bundles"]; bundle: (projectId: string, bundleId: string) => readonly [...]; releases: (projectId: string) => readonly [...]; }'.
src/hooks/useBundleGroups.ts(81,35): error TS2339: Property 'bundleGroups' does not exist on type '{ projects: readonly ["projects"]; project: (id: string) => readonly ["projects", string]; bundles: (projectId: string) => readonly ["projects", string, "bundles"]; bundle: (projectId: string, bundleId: string) => readonly [...]; releases: (projectId: string) => readonly [...]; }'.
src/hooks/useBundleGroups.ts(85,50): error TS2339: Property 'bundleGroups' does not exist on type '{ projects: readonly ["projects"]; project: (id: string) => readonly ["projects", string]; bundles: (projectId: string) => readonly ["projects", string, "bundles"]; bundle: (projectId: string, bundleId: string) => readonly [...]; releases: (projectId: string) => readonly [...]; }'.
src/hooks/useBundleGroups.ts(95,52): error TS2339: Property 'bundleGroups' does not exist on type '{ projects: readonly ["projects"]; project: (id: string) => readonly ["projects", string]; bundles: (projectId: string) => readonly ["projects", string, "bundles"]; bundle: (projectId: string, bundleId: string) => readonly [...]; releases: (projectId: string) => readonly [...]; }'.
src/hooks/useBundleGroups.ts(97,19): error TS2339: Property 'bundleGroups' does not exist on type '{ projects: readonly ["projects"]; project: (id: string) => readonly ["projects", string]; bundles: (projectId: string) => readonly ["projects", string, "bundles"]; bundle: (projectId: string, bundleId: string) => readonly [...]; releases: (projectId: string) => readonly [...]; }'.
src/hooks/useBundleGroups.ts(100,48): error TS2339: Property 'bundleGroups' does not exist on type '{ projects: readonly ["projects"]; project: (id: string) => readonly ["projects", string]; bundles: (projectId: string) => readonly ["projects", string, "bundles"]; bundle: (projectId: string, bundleId: string) => readonly [...]; releases: (projectId: string) => readonly [...]; }'.
src/hooks/useBundleGroups.ts(109,35): error TS2339: Property 'bundleGroups' does not exist on type '{ projects: readonly ["projects"]; project: (id: string) => readonly ["projects", string]; bundles: (projectId: string) => readonly ["projects", string, "bundles"]; bundle: (projectId: string, bundleId: string) => readonly [...]; releases: (projectId: string) => readonly [...]; }'.
src/hooks/useBundleGroups.ts(113,50): error TS2339: Property 'bundleGroups' does not exist on type '{ projects: readonly ["projects"]; project: (id: string) => readonly ["projects", string]; bundles: (projectId: string) => readonly ["projects", string, "bundles"]; bundle: (projectId: string, bundleId: string) => readonly [...]; releases: (projectId: string) => readonly [...]; }'.
src/hooks/useBundleGroups.ts(124,50): error TS2339: Property 'bundleGroups' does not exist on type '{ projects: readonly ["projects"]; project: (id: string) => readonly ["projects", string]; bundles: (projectId: string) => readonly ["projects", string, "bundles"]; bundle: (projectId: string, bundleId: string) => readonly [...]; releases: (projectId: string) => readonly [...]; }'.
src/hooks/useBundleGroups.ts(125,50): error TS2339: Property 'bundleGroup' does not exist on type '{ projects: readonly ["projects"]; project: (id: string) => readonly ["projects", string]; bundles: (projectId: string) => readonly ["projects", string, "bundles"]; bundle: (projectId: string, bundleId: string) => readonly [...]; releases: (projectId: string) => readonly [...]; }'.
src/pages/ApiKeysPage/index.tsx(7,8): error TS2613: Module '"/Users/akmal/Desktop/ota_mycms/client/src/components/Modal/index"' has no default export. Did you mean to use 'import { Modal } from "/Users/akmal/Desktop/ota_mycms/client/src/components/Modal/index"' instead?
src/pages/ApiKeysPage/index.tsx(41,11): error TS2353: Object literal may only specify known properties, and 'title' does not exist in type 'ReactElement<unknown, string | JSXElementConstructor<any>> | Iterable<ReactNode> | ReactPortal | Promise<...>'.
src/pages/ApiKeysPage/index.tsx(58,17): error TS2554: Expected 2-3 arguments, but got 1.
src/pages/ApiKeysPage/index.tsx(182,28): error TS2339: Property 'options' does not exist on type 'UseModalReturn'.
src/pages/ApiKeysPage/index.tsx(193,25): error TS2339: Property 'options' does not exist on type 'UseModalReturn'.
src/pages/ApiKeysPage/index.tsx(200,25): error TS2339: Property 'options' does not exist on type 'UseModalReturn'.
src/pages/BundleListPage/index.tsx(15,8): error TS2613: Module '"/Users/akmal/Desktop/ota_mycms/client/src/components/Modal/index"' has no default export. Did you mean to use 'import { Modal } from "/Users/akmal/Desktop/ota_mycms/client/src/components/Modal/index"' instead?
src/pages/BundleListPage/index.tsx(33,17): error TS2554: Expected 2-3 arguments, but got 1.
src/pages/BundleListPage/index.tsx(212,28): error TS2339: Property 'options' does not exist on type 'UseModalReturn'.
src/pages/BundleListPage/index.tsx(223,25): error TS2339: Property 'options' does not exist on type 'UseModalReturn'.
src/pages/BundleManagerPage/index.tsx(31,8): error TS2613: Module '"/Users/akmal/Desktop/ota_mycms/client/src/components/Modal/index"' has no default export. Did you mean to use 'import { Modal } from "/Users/akmal/Desktop/ota_mycms/client/src/components/Modal/index"' instead?
src/pages/BundleManagerPage/index.tsx(185,18): error TS2554: Expected 2-3 arguments, but got 1.
src/pages/BundleManagerPage/index.tsx(237,17): error TS2554: Expected 2-3 arguments, but got 1.
src/pages/BundleManagerPage/index.tsx(567,29): error TS2339: Property 'options' does not exist on type 'UseModalReturn'.
src/pages/BundleManagerPage/index.tsx(582,26): error TS2339: Property 'options' does not exist on type 'UseModalReturn'.
src/pages/BundleManagerPage/index.tsx(589,28): error TS2339: Property 'options' does not exist on type 'UseModalReturn'.
src/pages/BundleManagerPage/index.tsx(604,25): error TS2339: Property 'options' does not exist on type 'UseModalReturn'.
src/pages/DashboardPage/index.tsx(20,10): error TS2305: Module '"../../components/Skeleton"' has no exported member 'DashboardTableSkeleton'.
src/pages/GroupDetailPage/index.tsx(25,10): error TS2305: Module '"../../components/Skeleton"' has no exported member 'GroupDetailSkeleton'.
src/pages/ProjectsPage/index.tsx(19,8): error TS2613: Module '"/Users/akmal/Desktop/ota_mycms/client/src/components/Modal/index"' has no default export. Did you mean to use 'import { Modal } from "/Users/akmal/Desktop/ota_mycms/client/src/components/Modal/index"' instead?
src/pages/ProjectsPage/index.tsx(59,17): error TS2554: Expected 2-3 arguments, but got 1.
src/pages/ProjectsPage/index.tsx(217,28): error TS2339: Property 'options' does not exist on type 'UseModalReturn'.
src/pages/ProjectsPage/index.tsx(228,25): error TS2339: Property 'options' does not exist on type 'UseModalReturn'.
